[REDTEAM01\auditor@REDTEAM01] 2025-11-04 09:12:33Z [Share] {Green}<\\FILE-SRV01.lab.local\Public>(R)
[REDTEAM01\auditor@REDTEAM01] 2025-11-04 09:12:34Z [Share] {Green}<\\FILE-SRV01.lab.local\Archives>(R)
[REDTEAM01\auditor@REDTEAM01] 2025-11-04 09:12:35Z [Share] {Green}<\\FILE-SRV01.lab.local\IT-Backups>(R)
[REDTEAM01\auditor@REDTEAM01] 2025-11-04 09:12:36Z [Share] {Green}<\\DC01.lab.local\NETLOGON>(R)
[REDTEAM01\auditor@REDTEAM01] 2025-11-04 09:12:37Z [Share] {Green}<\\DC01.lab.local\SYSVOL>(R)
[REDTEAM01\auditor@REDTEAM01] 2025-11-04 09:12:40Z [Share] {Green}<\\WEB-SRV01.lab.local\Logs>(R)
[REDTEAM01\auditor@REDTEAM01] 2025-11-04 09:14:21Z [File] {Black}<KeepConfigCredentialInCode|R|connectionString.*=|2.4kB|2019-08-12 14:22:00Z>(\\WEB-SRV01.lab.local\C$\inetpub\wwwroot\Portal\web.config) <add name="DefaultConnection" connectionString="Server=DB-SRV01;Database=PortalDB;User Id=sa;Password=Summer2024!;" providerName="System.Data.SqlClient" />\r\n<add name="LogConn" connectionString="Server=DB-SRV01;Database=Logs;Integrated Security=true;"/>
[REDTEAM01\auditor@REDTEAM01] 2025-11-04 09:14:55Z [File] {Black}<KeepConfigCredentialInCode|R|connectionString.*=|3.1kB|2020-02-18 11:15:00Z>(\\WEB-SRV02.lab.local\C$\inetpub\wwwroot\HR\web.config) <add name="HRConn" connectionString="Server=DB-SRV01;Database=HRDB;User Id=hr_admin;Password=Summer2024!;Encrypt=True;" />
[REDTEAM01\auditor@REDTEAM01] 2025-11-04 09:15:30Z [File] {Black}<KeepGPPCPassword|R|cpassword=|1.8kB|2018-06-15 10:00:00Z>(\\DC01.lab.local\SYSVOL\lab.local\Policies\{31B2F340-016D-11D2-945F-00C04FB984F9}\Machine\Preferences\Groups\Groups.xml) <Properties action="U" newName="" fullName="LocalAdmin" description="" cpassword="j1Uyj3Vx8TY9LtLZil2uAuZkFQA/4latT76ZwgdHdhw" changeLogon="0" noChange="1" neverExpires="1" acctDisabled="0" userName="LocalAdmin"/>
[REDTEAM01\auditor@REDTEAM01] 2025-11-04 09:16:12Z [File] {Red}<KeepPassOrKeyInCode|R|password\s*=|4.2kB|2021-03-10 08:45:00Z>(\\WEB-SRV01.lab.local\D$\Scripts\deploy.ps1) $cred = "DeployP@ss123!"; $user = "svc_deploy"; Connect-VBRServer -User $user -Password $cred
[REDTEAM01\auditor@REDTEAM01] 2025-11-04 09:17:00Z [File] {Red}<KeepPassOrKeyInCode|R|password\s*=|3.8kB|2021-06-22 14:30:00Z>(\\WEB-SRV01.lab.local\D$\Scripts\backup.ps1) $password = "DeployP@ss123!"; Invoke-Backup -Server "DB-SRV01" -User "svc_deploy" -Password $password
[REDTEAM01\auditor@REDTEAM01] 2025-11-04 09:17:42Z [File] {Red}<KeepPassOrKeyInCode|R|password\s*=|2.1kB|2022-01-17 10:20:00Z>(\\APP-SRV01.lab.local\C$\Apps\connector\settings.json) {"database":{"host":"DB-SRV01","user":"app_svc","password":"AppRunner2023!","timeout":30}}
[REDTEAM01\auditor@REDTEAM01] 2025-11-04 09:18:45Z [File] {Red}<KeepPrivateKey|R|BEGIN.*PRIVATE.*KEY|1.6kB|2017-11-04 09:00:00Z>(\\DEV-SRV01.lab.local\Users$\j.smith\.ssh\id_rsa) -----BEGIN RSA PRIVATE KEY-----\r\nMIIEpAIBAAKCAQEAxL5K9redactedExampleKeyMaterialDoNotUseThisIsFakeForDemoPurposesOnly...\r\n-----END RSA PRIVATE KEY-----
[REDTEAM01\auditor@REDTEAM01] 2025-11-04 09:19:11Z [File] {Yellow}<InterestingFileExtension|R|\.kdbx$|72kB|2022-09-14 16:11:00Z>(\\FILE-SRV01.lab.local\Users$\m.dupont\Documents\Passwords.kdbx)
[REDTEAM01\auditor@REDTEAM01] 2025-11-04 09:19:30Z [File] {Yellow}<InterestingFileExtension|R|\.pfx$|12kB|2020-11-25 13:00:00Z>(\\WEB-SRV02.lab.local\C$\Certs\wildcard_corp.pfx)
[REDTEAM01\auditor@REDTEAM01] 2025-11-04 09:20:18Z [File] {Yellow}<UnattendXml|R|unattend|5.4kB|2019-12-01 09:30:00Z>(\\DEPLOY-SRV01.lab.local\Deploy$\Win10\unattend.xml) <UserAccounts><AdministratorPassword><Value>UEBzc3cwcmQxMjMh</Value><PlainText>false</PlainText></AdministratorPassword></UserAccounts>
[REDTEAM01\auditor@REDTEAM01] 2025-11-04 09:21:55Z [File] {Yellow}<DotRdpFile|R|\.rdp$|2.1kB|2023-04-08 11:45:00Z>(\\FILE-SRV01.lab.local\IT-Backups\Servers\DC01.rdp) full address:s:DC01.lab.local\r\nusername:s:lab\\admin_helper\r\nprompt for credentials:i:0
[REDTEAM01\auditor@REDTEAM01] 2025-11-04 09:22:40Z [File] {Yellow}<InterestingFileExtension|R|\.git-credentials$|0.4kB|2022-07-19 12:00:00Z>(\\DEV-SRV01.lab.local\Users$\d.lefebvre\.git-credentials) https://gituser:DEMO_FAKE_TOKEN_FOR_TESTING_PURPOSES@example-git-host.local
[REDTEAM01\auditor@REDTEAM01] 2025-11-04 09:23:10Z [File] {Red}<KeepPassOrKeyInCode|R|api[_-]?key|1.2kB|2023-01-30 15:00:00Z>(\\APP-SRV01.lab.local\C$\Apps\billing\config.ini) [payment]\r\napi_key=DEMO_FAKE_KEY_FOR_TESTING_ONLY_NotARealSecret\r\nwebhook_secret=DEMO_FAKE_WEBHOOK_VALUE
[REDTEAM01\auditor@REDTEAM01] 2025-11-04 09:24:33Z [File] {Yellow}<DotPpkFile|R|\.ppk$|3.0kB|2019-05-14 17:00:00Z>(\\FILE-SRV01.lab.local\IT-Backups\PuTTY\jumpbox.ppk)
[REDTEAM01\auditor@REDTEAM01] 2025-11-04 09:25:00Z [File] {Red}<KeepPassOrKeyInCode|R|password\s*=|4.2kB|2021-03-10 08:45:00Z>(\\WEB-SRV01.lab.local\D$\Scripts\deploy.ps1) $cred = "DeployP@ss123!"; $user = "svc_deploy"; Connect-VBRServer -User $user -Password $cred
[REDTEAM01\auditor@REDTEAM01] 2025-11-04 09:30:11Z [File] {Red}<KeepPassOrKeyInCode|R|password\s*=|4.2kB|2021-03-10 08:45:00Z>(\\WEB-SRV01.lab.local\D$\Scripts\deploy.ps1) $cred = "DeployP@ss123!"; $user = "svc_deploy"; Connect-VBRServer -User $user -Password $cred
